// Jest Snapshot v1, https://goo.gl/fbAQLP

exports[`<InputSearch/> should change the input search 1`] = `
<DocumentFragment>
  <div
    class="flex items-center"
  >
    <input
      class="w-full text-sm border border-slate-400 py-1.5 px-4 rounded-l-lg h-[36px] outline-offset-0 outline-sky-500 disabled:opacity-60"
      placeholder="Pesquisar aqui"
      type="search"
    />
    <button
      class="flex items-center bg-sky-600 disabled:bg-sky-700 outline-offset-0 outline-sky-500 rounded-r-lg py-1 px-2.5 h-[36px] hover:bg-sky-500"
      type="submit"
    >
      <svg
        class="size-5"
        data-testid="icon-search"
        fill="white"
        height="1em"
        viewBox="0 0 256 256"
        width="1em"
        xmlns="http://www.w3.org/2000/svg"
      >
        <path
          d="M232.49,215.51,185,168a92.12,92.12,0,1,0-17,17l47.53,47.54a12,12,0,0,0,17-17ZM44,112a68,68,0,1,1,68,68A68.07,68.07,0,0,1,44,112Z"
        />
      </svg>
    </button>
  </div>
</DocumentFragment>
`;
