// Jest Snapshot v1, https://goo.gl/fbAQLP

exports[`<FileUploadInput/> should call onChangeFileSelected when a file is selected 1`] = `
<DocumentFragment>
  <label
    class="bg-sky-600 flex items-center gap-3 py-2 px-4 rounded-md transition-all ease-in duration-500 focus-visible:bg-sky-600 text-sm font-medium text-white hover:bg-sky-500 cursor-pointer"
    for="fileUpload"
  >
    <svg
      class="size-5 text-white"
      data-testid="upload-icon"
      fill="currentColor"
      height="1em"
      viewBox="0 0 256 256"
      width="1em"
      xmlns="http://www.w3.org/2000/svg"
    >
      <path
        d="M228,144v64a12,12,0,0,1-12,12H40a12,12,0,0,1-12-12V144a12,12,0,0,1,24,0v52H204V144a12,12,0,0,1,24,0ZM96.49,80.49,116,61v83a12,12,0,0,0,24,0V61l19.51,19.52a12,12,0,1,0,17-17l-40-40a12,12,0,0,0-17,0l-40,40a12,12,0,1,0,17,17Z"
      />
    </svg>
    Escolher foto
    <input
      accept="image/*"
      class="hidden"
      id="fileUpload"
      name="fileUpload"
      type="file"
    />
  </label>
</DocumentFragment>
`;
